{"lastDownloadedFileTimestamp":"1569863640","processedFilesInLastTimestampSecond":["folder2\/file2.csv"]}