{"lastDownloadedFileTimestamp":"","processedFilesInLastTimestampSecond":["folder2\/file1.csv"]}