col1,col2,col3,col4,col5,col6,val1,val2,file
a,b,c,d,e,f,1,2,file1.csv
a,b,c,d,e,f,3,4,file1.csv
