{"lastDownloadedFileTimestamp":"1569863679","processedFilesInLastTimestampSecond":["no-unique-timestamps\/folder2\/file3\/file1.csv"]}