col1,col2,col3,col4,col5,col6,val1,val2,file
a,b,c,d,e,f,1,2,folder2/collision/file1.csv
a,b,c,d,e,f,3,4,folder2/collision/file1.csv
