{"lastDownloadedFileTimestamp":"1569863637","processedFilesInLastTimestampSecond":["folder1\/file1.csv"]}