{"lastDownloadedFileTimestamp":"1569863676","processedFilesInLastTimestampSecond":["no-unique-timestamps\/folder2\/collision-file1.csv","no-unique-timestamps\/folder2\/collision\/file1.csv","no-unique-timestamps\/folder2\/file1.csv","no-unique-timestamps\/folder2\/file2.csv"]}